// Jest Snapshot v1, https://goo.gl/fbAQLP

exports[`<Upload /> should render correctly 1`] = `
<div>
  Upload
</div>
`;
